<html>
<body>
<pre>
<h1>µVision Build Log</h1>
<h2>Project:</h2>
Z:\cn0086\new\MDK-ARM\Project.uvproj
Project File Date:  01/14/2012

<h2>Output:</h2>
Build target 'iCar_OS'
compiling main.c...
compiling stm32f10x_it.c...
compiling system_stm32f10x.c...
assembling startup.s...
compiling app_gsm.c...
compiling drv_gpio.c...
compiling drv_uart.c...
compiling drv_adc.c...
compiling drv_rtc.c...
..\source\App\drv_rtc.c(8): warning:  #177-D: function "datetime_to_seconds" was declared but never referenced
..\source\App\drv_rtc.c:   static unsigned int datetime_to_seconds (struct DATE_TIME *datetime)
..\source\App\drv_rtc.c:                       ^
..\source\App\drv_rtc.c: ..\source\App\drv_rtc.c: 1 warning, 0 errors
Project build/rebuild aborted.
Target not created
Build target 'iCar_OS'
compiling drv_iwdg.c...
compiling drv_mg323.c...
..\source\App\drv_mg323.c(48): warning:  #1293-D: assignment in condition
..\source\App\drv_mg323.c:      while((count--) && (equal =(*buffer++ == *cmpbuf++)));  
..\source\App\drv_mg323.c:                         ^
..\source\App\drv_mg323.c(672): warning:  #192-D: unrecognized character escape sequence
..\source\App\drv_mg323.c:              putstring(COM2,"AT^SISS=0,address,\"socktcp:\/\/");
..\source\App\drv_mg323.c:                                                          ^
..\source\App\drv_mg323.c(672): warning:  #192-D: unrecognized character escape sequence
..\source\App\drv_mg323.c:              putstring(COM2,"AT^SISS=0,address,\"socktcp:\/\/");
..\source\App\drv_mg323.c:                                                            ^
..\source\App\drv_mg323.c: ..\source\App\drv_mg323.c: 3 warnings, 0 errors
compiling app_taskmanager.c...
compiling misc.c...
compiling stm32f10x_adc.c...
compiling stm32f10x_bkp.c...
compiling stm32f10x_can.c...
compiling stm32f10x_cec.c...
compiling stm32f10x_crc.c...
compiling stm32f10x_dac.c...
compiling stm32f10x_dbgmcu.c...
compiling stm32f10x_dma.c...
compiling stm32f10x_exti.c...
compiling stm32f10x_flash.c...
compiling stm32f10x_fsmc.c...
compiling stm32f10x_gpio.c...
compiling stm32f10x_i2c.c...
compiling stm32f10x_iwdg.c...
compiling stm32f10x_pwr.c...
compiling stm32f10x_rcc.c...
compiling stm32f10x_rtc.c...
compiling stm32f10x_sdio.c...
compiling stm32f10x_spi.c...
compiling stm32f10x_tim.c...
compiling stm32f10x_usart.c...
compiling stm32f10x_wwdg.c...
compiling core_cm3.c...
compiling os_core.c...
compiling os_flag.c...
compiling os_mbox.c...
compiling os_mem.c...
compiling os_mutex.c...
compiling os_q.c...
compiling os_sem.c...
compiling os_task.c...
compiling os_time.c...
compiling os_tmr.c...
compiling os_cpu_c.c...
compiling os_dbg.c...
assembling os_cpu_a.asm...
compiling cpu_c.c...
assembling cpu_a.asm...
compiling lib_mem.c...
compiling lib_str.c...
..\source\uC-LIB\lib_str.c(1027): warning: C3017W: pstr_srch_ix may be used before being set
..\source\uC-LIB\lib_str.c:     CPU_CHAR     *pstr_srch_ix;
..\source\uC-LIB\lib_str.c:                   ^
..\source\uC-LIB\lib_str.c(1026): warning: C3017W: srch_cmp may be used before being set
..\source\uC-LIB\lib_str.c:     CPU_INT16S    srch_cmp;
..\source\uC-LIB\lib_str.c:                   ^
..\source\uC-LIB\lib_str.c: ..\source\uC-LIB\lib_str.c: 2 warnings, 0 errors
assembling lib_mem_a.asm...
linking...
Program Size: Code=23496 RO-data=752 RW-data=260 ZI-data=10372  
FromELF: creating hex file...
".\obj\iCar.axf" - 0 Error(s), 5 Warning(s).
Build target 'iCar_OS'
linking...
Program Size: Code=23496 RO-data=752 RW-data=260 ZI-data=10372  
FromELF: creating hex file...
".\obj\iCar.axf" - 0 Error(s), 0 Warning(s).
Build target 'iCar_OS'
compiling app_taskmanager.c...
..\source\App\app_taskmanager.c(63): error:  #167: argument of type "struct SENT_QUEUE (*)[5]" is incompatible with parameter of type "struct SENT_QUEUE *"
..\source\App\app_taskmanager.c:   gsm_send_time( &pro_str );
..\source\App\app_taskmanager.c:                  ^
..\source\App\app_taskmanager.c: ..\source\App\app_taskmanager.c: 0 warnings, 1 error
Target not created
Build target 'iCar_OS'
compiling app_taskmanager.c...
linking...
Program Size: Code=23512 RO-data=752 RW-data=260 ZI-data=10372  
FromELF: creating hex file...
".\obj\iCar.axf" - 0 Error(s), 0 Warning(s).
Build target 'iCar_OS'
compiling app_taskmanager.c...
..\source\App\app_taskmanager.c(512): error:  #44: expression must have pointer type
..\source\App\app_taskmanager.c:        i =  p[0]->send_pcb ;
..\source\App\app_taskmanager.c:             ^
..\source\App\app_taskmanager.c: ..\source\App\app_taskmanager.c: 0 warnings, 1 error
Target not created
Build target 'iCar_OS'
compiling app_taskmanager.c...
linking...
Program Size: Code=23540 RO-data=752 RW-data=260 ZI-data=10372  
FromELF: creating hex file...
".\obj\iCar.axf" - 0 Error(s), 0 Warning(s).
Build target 'iCar_OS'
compiling app_taskmanager.c...
linking...
Program Size: Code=23540 RO-data=752 RW-data=260 ZI-data=10372  
FromELF: creating hex file...
".\obj\iCar.axf" - 0 Error(s), 0 Warning(s).
Build target 'iCar_OS'
linking...
Program Size: Code=23540 RO-data=752 RW-data=260 ZI-data=10372  
FromELF: creating hex file...
".\obj\iCar.axf" - 0 Error(s), 0 Warning(s).
Build target 'iCar_OS'
compiling app_taskmanager.c...
linking...
Program Size: Code=23544 RO-data=752 RW-data=260 ZI-data=10372  
FromELF: creating hex file...
".\obj\iCar.axf" - 0 Error(s), 0 Warning(s).
Build target 'iCar_OS'
compiling app_taskmanager.c...
..\source\App\app_taskmanager.c(508): error:  #44: expression must have pointer type
..\source\App\app_taskmanager.c:                p[pro_str_index]->send_time= 0 ;//free queue if > 1 hours
..\source\App\app_taskmanager.c:                ^
..\source\App\app_taskmanager.c: ..\source\App\app_taskmanager.c: 0 warnings, 1 error
Target not created
Build target 'iCar_OS'
compiling app_taskmanager.c...
..\source\App\app_taskmanager.c(40): warning:  #177-D: variable "gsm_sequence" was declared but never referenced
..\source\App\app_taskmanager.c:        unsigned char u1_cmd , chkbyte=0, gsm_sequence=0xC0;
..\source\App\app_taskmanager.c:                                          ^
..\source\App\app_taskmanager.c(460): error:  #20: identifier "cpu_sr" is undefined
..\source\App\app_taskmanager.c:                        OS_ENTER_CRITICAL();
..\source\App\app_taskmanager.c:                        ^
..\source\App\app_taskmanager.c(462): error:  #20: identifier "cpu_sr" is undefined
..\source\App\app_taskmanager.c:                        OS_EXIT_CRITICAL();
..\source\App\app_taskmanager.c:                        ^
..\source\App\app_taskmanager.c(466): error:  #20: identifier "gsm_sequence" is undefined
..\source\App\app_taskmanager.c:                        queue_p[queue_index].send_seq = gsm_sequence ;
..\source\App\app_taskmanager.c:                                                        ^
..\source\App\app_taskmanager.c(479): error:  #20: identifier "chkbyte" is undefined
..\source\App\app_taskmanager.c:                        chkbyte = GSM_HEAD ;
..\source\App\app_taskmanager.c:                        ^
..\source\App\app_taskmanager.c(489): error:  #20: identifier "cpu_sr" is undefined
..\source\App\app_taskmanager.c:                        OS_ENTER_CRITICAL();
..\source\App\app_taskmanager.c:                        ^
..\source\App\app_taskmanager.c(491): error:  #20: identifier "cpu_sr" is undefined
..\source\App\app_taskmanager.c:                        OS_EXIT_CRITICAL();
..\source\App\app_taskmanager.c:                        ^
..\source\App\app_taskmanager.c: ..\source\App\app_taskmanager.c: 1 warning, 6 errors
Target not created
Build target 'iCar_OS'
compiling app_taskmanager.c...
..\source\App\app_taskmanager.c(157): error:  #20: identifier "cpu_sr" is undefined
..\source\App\app_taskmanager.c:                                                OS_ENTER_CRITICAL();
..\source\App\app_taskmanager.c:                                                ^
..\source\App\app_taskmanager.c(162): error:  #20: identifier "cpu_sr" is undefined
..\source\App\app_taskmanager.c:                                                OS_EXIT_CRITICAL();
..\source\App\app_taskmanager.c:                                                ^
..\source\App\app_taskmanager.c(341): error:  #20: identifier "cpu_sr" is undefined
..\source\App\app_taskmanager.c:                                        OS_ENTER_CRITICAL();
..\source\App\app_taskmanager.c:                                        ^
..\source\App\app_taskmanager.c(346): error:  #20: identifier "cpu_sr" is undefined
..\source\App\app_taskmanager.c:                                        OS_EXIT_CRITICAL();
..\source\App\app_taskmanager.c:                                        ^
..\source\App\app_taskmanager.c(40): warning:  #177-D: variable "gsm_sequence" was declared but never referenced
..\source\App\app_taskmanager.c:        unsigned char u1_cmd , chkbyte=0, gsm_sequence=0xC0;
..\source\App\app_taskmanager.c:                                          ^
..\source\App\app_taskmanager.c(469): error:  #20: identifier "gsm_sequence" is undefined
..\source\App\app_taskmanager.c:                        queue_p[queue_index].send_seq = gsm_sequence ;
..\source\App\app_taskmanager.c:                                                        ^
..\source\App\app_taskmanager.c(482): error:  #20: identifier "chkbyte" is undefined
..\source\App\app_taskmanager.c:                        chkbyte = GSM_HEAD ;
..\source\App\app_taskmanager.c:                        ^
..\source\App\app_taskmanager.c: ..\source\App\app_taskmanager.c: 1 warning, 6 errors
Target not created
Build target 'iCar_OS'
compiling app_taskmanager.c...
..\source\App\app_taskmanager.c(40): warning:  #177-D: variable "gsm_sequence" was declared but never referenced
..\source\App\app_taskmanager.c:        unsigned char u1_cmd , chkbyte=0, gsm_sequence=0xC0;
..\source\App\app_taskmanager.c:                                          ^
..\source\App\app_taskmanager.c(469): error:  #20: identifier "gsm_sequence" is undefined
..\source\App\app_taskmanager.c:                        queue_p[queue_index].send_seq = gsm_sequence ;
..\source\App\app_taskmanager.c:                                                        ^
..\source\App\app_taskmanager.c(482): error:  #20: identifier "chkbyte" is undefined
..\source\App\app_taskmanager.c:                        chkbyte = GSM_HEAD ;
..\source\App\app_taskmanager.c:                        ^
..\source\App\app_taskmanager.c: ..\source\App\app_taskmanager.c: 1 warning, 2 errors
Target not created
Build target 'iCar_OS'
compiling app_taskmanager.c...
..\source\App\app_taskmanager.c(432): error:  #20: identifier "sequence" is undefined
..\source\App\app_taskmanager.c:   static unsigned char gsm_send_time( struct SENT_QUEUE *queue_p, sequence)
..\source\App\app_taskmanager.c:                                                                   ^
..\source\App\app_taskmanager.c(432): error:  #141-D: unnamed prototyped parameters not allowed when body is present
..\source\App\app_taskmanager.c:   static unsigned char gsm_send_time( struct SENT_QUEUE *queue_p, sequence)
..\source\App\app_taskmanager.c:                        ^
..\source\App\app_taskmanager.c(460): error:  #20: identifier "sequence" is undefined
..\source\App\app_taskmanager.c:                                        queue_p[queue_index].send_seq = sequence ;
..\source\App\app_taskmanager.c:                                                                        ^
..\source\App\app_taskmanager.c(473): error:  #20: identifier "chkbyte" is undefined
..\source\App\app_taskmanager.c:                                        chkbyte = GSM_HEAD ;
..\source\App\app_taskmanager.c:                                        ^
..\source\App\app_taskmanager.c(495): error:  #20: identifier "sequence" is undefined
..\source\App\app_taskmanager.c:        return sequence ;
..\source\App\app_taskmanager.c:               ^
..\source\App\app_taskmanager.c: ..\source\App\app_taskmanager.c: 0 warnings, 5 errors
Target not created
Build target 'iCar_OS'
compiling app_taskmanager.c...
..\source\App\app_taskmanager.c(473): error:  #20: identifier "chkbyte" is undefined
..\source\App\app_taskmanager.c:                                        chkbyte = GSM_HEAD ;
..\source\App\app_taskmanager.c:                                        ^
..\source\App\app_taskmanager.c: ..\source\App\app_taskmanager.c: 0 warnings, 1 error
Target not created
Build target 'iCar_OS'
compiling app_taskmanager.c...
..\source\App\app_taskmanager.c(446): error:  #20: identifier "queue_index" is undefined
..\source\App\app_taskmanager.c:                for ( queue_index = 0 ; queue_index < MAX_CMD_QUEUE ; queue_index++) {
..\source\App\app_taskmanager.c:                      ^
..\source\App\app_taskmanager.c(474): error:  #20: identifier "i" is undefined
..\source\App\app_taskmanager.c:                                        for ( i = 1 ; i < 15 ; i++ ) {//calc chkbyte
..\source\App\app_taskmanager.c:                                              ^
..\source\App\app_taskmanager.c: ..\source\App\app_taskmanager.c: 0 warnings, 2 errors
Target not created
Build target 'iCar_OS'
compiling app_taskmanager.c...
..\source\App\app_taskmanager.c(474): error:  #20: identifier "i" is undefined
..\source\App\app_taskmanager.c:                                        for ( i = 1 ; i < 15 ; i++ ) {//calc chkbyte
..\source\App\app_taskmanager.c:                                              ^
..\source\App\app_taskmanager.c: ..\source\App\app_taskmanager.c: 0 warnings, 1 error
Target not created
Build target 'iCar_OS'
compiling app_taskmanager.c...
linking...
Program Size: Code=23448 RO-data=752 RW-data=260 ZI-data=10372  
FromELF: creating hex file...
".\obj\iCar.axf" - 0 Error(s), 0 Warning(s).
Build target 'iCar_OS'
compiling app_taskmanager.c...
linking...
Program Size: Code=23448 RO-data=752 RW-data=260 ZI-data=10372  
FromELF: creating hex file...
".\obj\iCar.axf" - 0 Error(s), 0 Warning(s).
Build target 'iCar_OS'
compiling app_taskmanager.c...
..\source\App\app_taskmanager.c(40): error:  #144: a value of type "int" cannot be used to initialize an entity of type "unsigned char *"
..\source\App\app_taskmanager.c:        unsigned char u1_cmd , chkbyte=0, *gsm_sequence=0xC0;
..\source\App\app_taskmanager.c:                                                        ^
..\source\App\app_taskmanager.c(131): error:  #167: argument of type "unsigned char *" is incompatible with parameter of type "unsigned char"
..\source\App\app_taskmanager.c:                gsm_sequence = gsm_send_time( pro_str, gsm_sequence );
..\source\App\app_taskmanager.c:                                                       ^
..\source\App\app_taskmanager.c(131): error:  #513: a value of type "unsigned char" cannot be assigned to an entity of type "unsigned char *"
..\source\App\app_taskmanager.c:                gsm_sequence = gsm_send_time( pro_str, gsm_sequence );
..\source\App\app_taskmanager.c:                             ^
..\source\App\app_taskmanager.c: ..\source\App\app_taskmanager.c: 0 warnings, 3 errors
Target not created
Build target 'iCar_OS'
compiling app_taskmanager.c...
linking...
Program Size: Code=23448 RO-data=752 RW-data=260 ZI-data=10372  
FromELF: creating hex file...
".\obj\iCar.axf" - 0 Error(s), 0 Warning(s).
Build target 'iCar_OS'
compiling app_taskmanager.c...
..\source\App\app_taskmanager.c(131): error:  #167: argument of type "unsigned char *" is incompatible with parameter of type "unsigned char"
..\source\App\app_taskmanager.c:                gsm_sequence = gsm_send_time( pro_str, &gsm_sequence );
..\source\App\app_taskmanager.c:                                                       ^
..\source\App\app_taskmanager.c(432): error:  #147-D: declaration is incompatible with "unsigned char gsm_send_time(struct SENT_QUEUE *, unsigned char)" (declared at line 5)
..\source\App\app_taskmanager.c:   static unsigned char gsm_send_time( struct SENT_QUEUE *queue_p, unsigned char *sequence)
..\source\App\app_taskmanager.c:                        ^
..\source\App\app_taskmanager.c(460): error:  #513: a value of type "unsigned char *" cannot be assigned to an entity of type "unsigned char"
..\source\App\app_taskmanager.c:                                        queue_p[queue_index].send_seq = sequence ;
..\source\App\app_taskmanager.c:                                                                      ^
..\source\App\app_taskmanager.c(465): error:  #513: a value of type "unsigned char *" cannot be assigned to an entity of type "unsigned char"
..\source\App\app_taskmanager.c:                                        mg323_cmd.tx[mg323_cmd.tx_len+1] = sequence ;//SEQ
..\source\App\app_taskmanager.c:                                                                         ^
..\source\App\app_taskmanager.c(495): error:  #120: return value type does not match the function type
..\source\App\app_taskmanager.c:        return sequence ;
..\source\App\app_taskmanager.c:               ^
..\source\App\app_taskmanager.c: ..\source\App\app_taskmanager.c: 0 warnings, 5 errors
Target not created
Build target 'iCar_OS'
compiling app_taskmanager.c...
..\source\App\app_taskmanager.c(460): error:  #513: a value of type "unsigned char *" cannot be assigned to an entity of type "unsigned char"
..\source\App\app_taskmanager.c:                                        queue_p[queue_index].send_seq = sequence ;
..\source\App\app_taskmanager.c:                                                                      ^
..\source\App\app_taskmanager.c(465): error:  #513: a value of type "unsigned char *" cannot be assigned to an entity of type "unsigned char"
..\source\App\app_taskmanager.c:                                        mg323_cmd.tx[mg323_cmd.tx_len+1] = sequence ;//SEQ
..\source\App\app_taskmanager.c:                                                                         ^
..\source\App\app_taskmanager.c(495): error:  #120: return value type does not match the function type
..\source\App\app_taskmanager.c:        return sequence ;
..\source\App\app_taskmanager.c:               ^
..\source\App\app_taskmanager.c: ..\source\App\app_taskmanager.c: 0 warnings, 3 errors
Target not created
Build target 'iCar_OS'
compiling app_taskmanager.c...
linking...
Program Size: Code=23448 RO-data=752 RW-data=260 ZI-data=10372  
FromELF: creating hex file...
".\obj\iCar.axf" - 0 Error(s), 0 Warning(s).
Build target 'iCar_OS'
compiling app_taskmanager.c...
..\source\App\app_taskmanager.c(59): error:  #20: identifier "pro_str" is undefined
..\source\App\app_taskmanager.c:                pro_str[queue_index].send_time= 0 ;//free queue if > 1 hours
..\source\App\app_taskmanager.c:                ^
..\source\App\app_taskmanager.c(132): error:  #20: identifier "pro_str" is undefined
..\source\App\app_taskmanager.c:                gsm_send_time( pro_str, &gsm_sequence );
..\source\App\app_taskmanager.c:                               ^
..\source\App\app_taskmanager.c(48): warning:  #177-D: variable "gsm_sent_q" was declared but never referenced
..\source\App\app_taskmanager.c:        struct SENT_QUEUE gsm_sent_q[MAX_CMD_QUEUE];
..\source\App\app_taskmanager.c:                          ^
..\source\App\app_taskmanager.c: ..\source\App\app_taskmanager.c: 1 warning, 2 errors
Target not created
Build target 'iCar_OS'
compiling app_taskmanager.c...
linking...
Program Size: Code=23444 RO-data=752 RW-data=260 ZI-data=10372  
FromELF: creating hex file...
".\obj\iCar.axf" - 0 Error(s), 0 Warning(s).
Build target 'iCar_OS'
compiling app_taskmanager.c...
linking...
Program Size: Code=23412 RO-data=752 RW-data=260 ZI-data=10372  
FromELF: creating hex file...
".\obj\iCar.axf" - 0 Error(s), 0 Warning(s).
Build target 'iCar_OS'
compiling app_taskmanager.c...
linking...
Program Size: Code=23416 RO-data=752 RW-data=260 ZI-data=10372  
FromELF: creating hex file...
".\obj\iCar.axf" - 0 Error(s), 0 Warning(s).
Build target 'iCar_OS'
compiling app_taskmanager.c...
linking...
Program Size: Code=23512 RO-data=752 RW-data=260 ZI-data=10372  
FromELF: creating hex file...
".\obj\iCar.axf" - 0 Error(s), 0 Warning(s).
Build target 'iCar_OS'
compiling app_taskmanager.c...
linking...
Program Size: Code=23532 RO-data=752 RW-data=260 ZI-data=10372  
FromELF: creating hex file...
".\obj\iCar.axf" - 0 Error(s), 0 Warning(s).
Build target 'iCar_OS'
compiling app_taskmanager.c...
..\source\App\app_taskmanager.c(457): warning:  #224-D: the format string requires additional arguments
..\source\App\app_taskmanager.c:                        prompt("Use queue: %02d\r\n");
..\source\App\app_taskmanager.c:                        ^
..\source\App\app_taskmanager.c: ..\source\App\app_taskmanager.c: 1 warning, 0 errors
linking...
Program Size: Code=23580 RO-data=752 RW-data=260 ZI-data=10372  
FromELF: creating hex file...
".\obj\iCar.axf" - 0 Error(s), 1 Warning(s).
Build target 'iCar_OS'
compiling app_taskmanager.c...
linking...
Program Size: Code=23584 RO-data=752 RW-data=260 ZI-data=10372  
FromELF: creating hex file...
".\obj\iCar.axf" - 0 Error(s), 0 Warning(s).
Build target 'iCar_OS'
compiling app_taskmanager.c...
linking...
Program Size: Code=23576 RO-data=752 RW-data=260 ZI-data=10372  
FromELF: creating hex file...
".\obj\iCar.axf" - 0 Error(s), 0 Warning(s).
Build target 'iCar_OS'
compiling app_taskmanager.c...
linking...
Program Size: Code=23568 RO-data=752 RW-data=264 ZI-data=10368  
FromELF: creating hex file...
".\obj\iCar.axf" - 0 Error(s), 0 Warning(s).
Build target 'iCar_OS'
compiling app_taskmanager.c...
linking...
Program Size: Code=23532 RO-data=752 RW-data=260 ZI-data=10372  
FromELF: creating hex file...
".\obj\iCar.axf" - 0 Error(s), 0 Warning(s).
Build target 'iCar_OS'
compiling app_taskmanager.c...
linking...
Program Size: Code=23568 RO-data=752 RW-data=264 ZI-data=10368  
FromELF: creating hex file...
".\obj\iCar.axf" - 0 Error(s), 0 Warning(s).
