<html>
<body>
<pre>
<h1>µVision Build Log</h1>
<h2>Project:</h2>
Z:\Project\Smartdrive\cn0086\v040\MDK-ARM\Project.uvproj
Project File Date:  04/12/2012

<h2>Output:</h2>
Build target 'iCar_OS'
compiling main.c...
compiling stm32f10x_it.c...
compiling system_stm32f10x.c...
assembling startup.s...
compiling app_gsm.c...
compiling drv_gpio.c...
compiling drv_uart.c...
compiling drv_adc.c...
compiling drv_rtc.c...
compiling drv_iwdg.c...
compiling drv_mg323.c...
..\source\App\drv_mg323.c(73): warning:  #1293-D: assignment in condition
..\source\App\drv_mg323.c:      while((count--) && (equal =(*buffer++ == *cmpbuf++)));  
..\source\App\drv_mg323.c:                         ^
..\source\App\drv_mg323.c(696): warning:  #192-D: unrecognized character escape sequence
..\source\App\drv_mg323.c:              putstring(COM2,"AT^SISS=0,address,\"socktcp:\/\/");
..\source\App\drv_mg323.c:                                                          ^
..\source\App\drv_mg323.c(696): warning:  #192-D: unrecognized character escape sequence
..\source\App\drv_mg323.c:              putstring(COM2,"AT^SISS=0,address,\"socktcp:\/\/");
..\source\App\drv_mg323.c:                                                            ^
..\source\App\drv_mg323.c: ..\source\App\drv_mg323.c: 3 warnings, 0 errors
compiling app_taskmanager.c...
compiling drv_flash.c...
..\source\App\drv_flash.c(197): warning:  #69-D: integer conversion resulted in truncation
..\source\App\drv_flash.c:                              var_u32 = flash_prog_u16(FLASH_UPGRADE_BASE_F+FW_READY_ADD+4,~(FW_READY_FLAG&0xFFFF));
..\source\App\drv_flash.c:                                                                                           ^
..\source\App\drv_flash.c(200): warning:  #69-D: integer conversion resulted in truncation
..\source\App\drv_flash.c:                              var_u32 = flash_prog_u16(FLASH_UPGRADE_BASE_F+FW_READY_ADD+6,~((FW_READY_FLAG>>16)&0xFFFF));
..\source\App\drv_flash.c:                                                                                           ^
..\source\App\drv_flash.c: ..\source\App\drv_flash.c: 2 warnings, 0 errors
compiling misc.c...
compiling stm32f10x_adc.c...
compiling stm32f10x_bkp.c...
compiling stm32f10x_can.c...
compiling stm32f10x_cec.c...
compiling stm32f10x_crc.c...
compiling stm32f10x_dac.c...
compiling stm32f10x_dbgmcu.c...
compiling stm32f10x_dma.c...
compiling stm32f10x_exti.c...
compiling stm32f10x_flash.c...
compiling stm32f10x_fsmc.c...
compiling stm32f10x_gpio.c...
compiling stm32f10x_i2c.c...
compiling stm32f10x_iwdg.c...
compiling stm32f10x_pwr.c...
compiling stm32f10x_rcc.c...
compiling stm32f10x_rtc.c...
compiling stm32f10x_sdio.c...
compiling stm32f10x_spi.c...
compiling stm32f10x_tim.c...
compiling stm32f10x_usart.c...
compiling stm32f10x_wwdg.c...
compiling core_cm3.c...
compiling os_core.c...
compiling os_flag.c...
compiling os_mbox.c...
compiling os_mem.c...
compiling os_mutex.c...
compiling os_q.c...
compiling os_sem.c...
compiling os_task.c...
compiling os_time.c...
compiling os_tmr.c...
compiling os_cpu_c.c...
compiling os_dbg.c...
assembling os_cpu_a.asm...
compiling cpu_c.c...
assembling cpu_a.asm...
compiling lib_mem.c...
compiling lib_str.c...
..\source\uC-LIB\lib_str.c(1027): warning: C3017W: pstr_srch_ix may be used before being set
..\source\uC-LIB\lib_str.c:     CPU_CHAR     *pstr_srch_ix;
..\source\uC-LIB\lib_str.c:                   ^
..\source\uC-LIB\lib_str.c(1026): warning: C3017W: srch_cmp may be used before being set
..\source\uC-LIB\lib_str.c:     CPU_INT16S    srch_cmp;
..\source\uC-LIB\lib_str.c:                   ^
..\source\uC-LIB\lib_str.c: ..\source\uC-LIB\lib_str.c: 2 warnings, 0 errors
assembling lib_mem_a.asm...
linking...
Program Size: Code=37560 RO-data=1136 RW-data=304 ZI-data=12776  
FromELF: creating hex file...
".\obj\iCar.axf" - 0 Error(s), 7 Warning(s).
