ARM Linker, 4.1 [Build 481] [Professional]

==============================================================================

Image Symbol Table

    Local Symbols

    Symbol Name                              Value     Ov Type        Size  Object(Section)

    ../../microlib/division.c                0x00000000   Number         0  uldiv.o ABSOLUTE
    ../../microlib/division.c                0x00000000   Number         0  uidiv.o ABSOLUTE
    ../../microlib/fpadd.c                   0x00000000   Number         0  dadd.o ABSOLUTE
    ../../microlib/fpdiv.c                   0x00000000   Number         0  ddiv.o ABSOLUTE
    ../../microlib/fpepilogue.c              0x00000000   Number         0  depilogue.o ABSOLUTE
    ../../microlib/fpfix.c                   0x00000000   Number         0  dfixul.o ABSOLUTE
    ../../microlib/fpmul.c                   0x00000000   Number         0  dmul.o ABSOLUTE
    ../../microlib/init/entry.s              0x00000000   Number         0  entry.o ABSOLUTE
    ../../microlib/init/entry.s              0x00000000   Number         0  entry7.o ABSOLUTE
    ../../microlib/init/entry.s              0x00000000   Number         0  entry5.o ABSOLUTE
    ../../microlib/init/entry.s              0x00000000   Number         0  entry2.o ABSOLUTE
    ../../microlib/longlong.c                0x00000000   Number         0  llsshr.o ABSOLUTE
    ../../microlib/longlong.c                0x00000000   Number         0  llushr.o ABSOLUTE
    ../../microlib/longlong.c                0x00000000   Number         0  llshl.o ABSOLUTE
    ../../microlib/printf/printf.c           0x00000000   Number         0  printfb.o ABSOLUTE
    ../../microlib/printf/printf.c           0x00000000   Number         0  printf0.o ABSOLUTE
    ../../microlib/printf/printf.c           0x00000000   Number         0  printf2.o ABSOLUTE
    ../../microlib/printf/printf.c           0x00000000   Number         0  printf1.o ABSOLUTE
    ../../microlib/printf/printf.c           0x00000000   Number         0  printf3.o ABSOLUTE
    ../../microlib/printf/printf.c           0x00000000   Number         0  printf4.o ABSOLUTE
    ../../microlib/printf/printf.c           0x00000000   Number         0  printf5.o ABSOLUTE
    ../../microlib/printf/printf.c           0x00000000   Number         0  printf6.o ABSOLUTE
    ../../microlib/printf/printf.c           0x00000000   Number         0  printf7.o ABSOLUTE
    ../../microlib/printf/printf.c           0x00000000   Number         0  printf8.o ABSOLUTE
    ../../microlib/printf/printf.c           0x00000000   Number         0  printfa.o ABSOLUTE
    ../../microlib/printf/stubs.s            0x00000000   Number         0  stubs.o ABSOLUTE
    ../../microlib/stdio/streams.c           0x00000000   Number         0  stdout.o ABSOLUTE
    ../../microlib/string/memcpy.c           0x00000000   Number         0  memcpyb.o ABSOLUTE
    ../../microlib/string/memcpy.c           0x00000000   Number         0  memcpya.o ABSOLUTE
    ../../microlib/stubs.s                   0x00000000   Number         0  iusefp.o ABSOLUTE
    ..\\source\\Libraries\\CMSIS\\CM3\\CoreSupport\\core_cm3.c 0x00000000   Number         0  core_cm3.o ABSOLUTE
    ..\source\App\drv_flash.c                0x00000000   Number         0  drv_flash.o ABSOLUTE
    ..\source\App\drv_gpio.c                 0x00000000   Number         0  drv_gpio.o ABSOLUTE
    ..\source\App\drv_iwdg.c                 0x00000000   Number         0  drv_iwdg.o ABSOLUTE
    ..\source\App\drv_rtc.c                  0x00000000   Number         0  drv_rtc.o ABSOLUTE
    ..\source\App\drv_uart.c                 0x00000000   Number         0  drv_uart.o ABSOLUTE
    ..\source\App\main.c                     0x00000000   Number         0  main.o ABSOLUTE
    ..\source\App\startup.s                  0x00000000   Number         0  startup.o ABSOLUTE
    ..\source\App\stm32f10x_it.c             0x00000000   Number         0  stm32f10x_it.o ABSOLUTE
    ..\source\App\system_stm32f10x.c         0x00000000   Number         0  system_stm32f10x.o ABSOLUTE
    ..\source\Libraries\CMSIS\CM3\CoreSupport\core_cm3.c 0x00000000   Number         0  core_cm3.o ABSOLUTE
    ..\source\Libraries\STM32F10x_StdPeriph_Driver\src\misc.c 0x00000000   Number         0  misc.o ABSOLUTE
    ..\source\Libraries\STM32F10x_StdPeriph_Driver\src\stm32f10x_adc.c 0x00000000   Number         0  stm32f10x_adc.o ABSOLUTE
    ..\source\Libraries\STM32F10x_StdPeriph_Driver\src\stm32f10x_bkp.c 0x00000000   Number         0  stm32f10x_bkp.o ABSOLUTE
    ..\source\Libraries\STM32F10x_StdPeriph_Driver\src\stm32f10x_can.c 0x00000000   Number         0  stm32f10x_can.o ABSOLUTE
    ..\source\Libraries\STM32F10x_StdPeriph_Driver\src\stm32f10x_cec.c 0x00000000   Number         0  stm32f10x_cec.o ABSOLUTE
    ..\source\Libraries\STM32F10x_StdPeriph_Driver\src\stm32f10x_crc.c 0x00000000   Number         0  stm32f10x_crc.o ABSOLUTE
    ..\source\Libraries\STM32F10x_StdPeriph_Driver\src\stm32f10x_dac.c 0x00000000   Number         0  stm32f10x_dac.o ABSOLUTE
    ..\source\Libraries\STM32F10x_StdPeriph_Driver\src\stm32f10x_dbgmcu.c 0x00000000   Number         0  stm32f10x_dbgmcu.o ABSOLUTE
    ..\source\Libraries\STM32F10x_StdPeriph_Driver\src\stm32f10x_dma.c 0x00000000   Number         0  stm32f10x_dma.o ABSOLUTE
    ..\source\Libraries\STM32F10x_StdPeriph_Driver\src\stm32f10x_exti.c 0x00000000   Number         0  stm32f10x_exti.o ABSOLUTE
    ..\source\Libraries\STM32F10x_StdPeriph_Driver\src\stm32f10x_flash.c 0x00000000   Number         0  stm32f10x_flash.o ABSOLUTE
    ..\source\Libraries\STM32F10x_StdPeriph_Driver\src\stm32f10x_fsmc.c 0x00000000   Number         0  stm32f10x_fsmc.o ABSOLUTE
    ..\source\Libraries\STM32F10x_StdPeriph_Driver\src\stm32f10x_gpio.c 0x00000000   Number         0  stm32f10x_gpio.o ABSOLUTE
    ..\source\Libraries\STM32F10x_StdPeriph_Driver\src\stm32f10x_i2c.c 0x00000000   Number         0  stm32f10x_i2c.o ABSOLUTE
    ..\source\Libraries\STM32F10x_StdPeriph_Driver\src\stm32f10x_iwdg.c 0x00000000   Number         0  stm32f10x_iwdg.o ABSOLUTE
    ..\source\Libraries\STM32F10x_StdPeriph_Driver\src\stm32f10x_pwr.c 0x00000000   Number         0  stm32f10x_pwr.o ABSOLUTE
    ..\source\Libraries\STM32F10x_StdPeriph_Driver\src\stm32f10x_rcc.c 0x00000000   Number         0  stm32f10x_rcc.o ABSOLUTE
    ..\source\Libraries\STM32F10x_StdPeriph_Driver\src\stm32f10x_rtc.c 0x00000000   Number         0  stm32f10x_rtc.o ABSOLUTE
    ..\source\Libraries\STM32F10x_StdPeriph_Driver\src\stm32f10x_sdio.c 0x00000000   Number         0  stm32f10x_sdio.o ABSOLUTE
    ..\source\Libraries\STM32F10x_StdPeriph_Driver\src\stm32f10x_spi.c 0x00000000   Number         0  stm32f10x_spi.o ABSOLUTE
    ..\source\Libraries\STM32F10x_StdPeriph_Driver\src\stm32f10x_tim.c 0x00000000   Number         0  stm32f10x_tim.o ABSOLUTE
    ..\source\Libraries\STM32F10x_StdPeriph_Driver\src\stm32f10x_usart.c 0x00000000   Number         0  stm32f10x_usart.o ABSOLUTE
    ..\source\Libraries\STM32F10x_StdPeriph_Driver\src\stm32f10x_wwdg.c 0x00000000   Number         0  stm32f10x_wwdg.o ABSOLUTE
    cdrcmple.s                               0x00000000   Number         0  cdrcmple.o ABSOLUTE
    dc.s                                     0x00000000   Number         0  dc.o ABSOLUTE
    handlers.s                               0x00000000   Number         0  handlers.o ABSOLUTE
    init.s                                   0x00000000   Number         0  init.o ABSOLUTE
    RESET                                    0x08000000   Section      236  startup.o(RESET)
    .ARM.Collect$$$$00000000                 0x080000ec   Section        0  entry.o(.ARM.Collect$$$$00000000)
    .ARM.Collect$$$$00000001                 0x080000ec   Section        4  entry2.o(.ARM.Collect$$$$00000001)
    .ARM.Collect$$$$00000004                 0x080000f0   Section        4  entry5.o(.ARM.Collect$$$$00000004)
    .ARM.Collect$$$$00000007                 0x080000f4   Section        8  entry7.o(.ARM.Collect$$$$00000007)
    .ARM.Collect$$$$00002712                 0x080000fc   Section        4  entry2.o(.ARM.Collect$$$$00002712)
    __lit__00000000                          0x080000fc   Data           4  entry2.o(.ARM.Collect$$$$00002712)
    .emb_text                                0x08000100   Section       32  core_cm3.o(.emb_text)
    .text                                    0x08000120   Section       36  startup.o(.text)
    .text                                    0x08000144   Section        0  memcpya.o(.text)
    .text                                    0x08000168   Section        0  uldiv.o(.text)
    .text                                    0x080001d0   Section       36  init.o(.text)
    .text                                    0x080001f4   Section        0  llshl.o(.text)
    .text                                    0x08000212   Section        0  llushr.o(.text)
    i.BKP_DeInit                             0x08000232   Section        0  stm32f10x_bkp.o(i.BKP_DeInit)
    i.BKP_ReadBackupRegister                 0x08000244   Section        0  stm32f10x_bkp.o(i.BKP_ReadBackupRegister)
    i.BKP_WriteBackupRegister                0x08000250   Section        0  stm32f10x_bkp.o(i.BKP_WriteBackupRegister)
    i.BusFault_Handler                       0x0800025c   Section        0  stm32f10x_it.o(i.BusFault_Handler)
    i.DMA1_Channel4_IRQHandler               0x0800025e   Section        0  stm32f10x_it.o(i.DMA1_Channel4_IRQHandler)
    i.DMA1_Channel7_IRQHandler               0x08000268   Section        0  stm32f10x_it.o(i.DMA1_Channel7_IRQHandler)
    i.DMA_ClearITPendingBit                  0x08000274   Section        0  stm32f10x_dma.o(i.DMA_ClearITPendingBit)
    i.DebugMon_Handler                       0x08000288   Section        0  stm32f10x_it.o(i.DebugMon_Handler)
    i.FLASH_ClearFlag                        0x0800028c   Section        0  stm32f10x_flash.o(i.FLASH_ClearFlag)
    i.FLASH_ErasePage                        0x08000298   Section        0  stm32f10x_flash.o(i.FLASH_ErasePage)
    i.FLASH_GetBank1Status                   0x080002d4   Section        0  stm32f10x_flash.o(i.FLASH_GetBank1Status)
    i.FLASH_LockBank1                        0x080002fc   Section        0  stm32f10x_flash.o(i.FLASH_LockBank1)
    i.FLASH_ProgramHalfWord                  0x0800030c   Section        0  stm32f10x_flash.o(i.FLASH_ProgramHalfWord)
    i.FLASH_UnlockBank1                      0x08000340   Section        0  stm32f10x_flash.o(i.FLASH_UnlockBank1)
    i.FLASH_WaitForLastOperation             0x08000358   Section        0  stm32f10x_flash.o(i.FLASH_WaitForLastOperation)
    i.GPIO_Init                              0x0800037a   Section        0  stm32f10x_gpio.o(i.GPIO_Init)
    i.HardFault_Handler                      0x08000416   Section        0  stm32f10x_it.o(i.HardFault_Handler)
    i.MemManage_Handler                      0x08000418   Section        0  stm32f10x_it.o(i.MemManage_Handler)
    i.NMI_Handler                            0x0800041a   Section        0  stm32f10x_it.o(i.NMI_Handler)
    i.NVIC_Configuration                     0x0800041c   Section        0  main.o(i.NVIC_Configuration)
    i.NVIC_Init                              0x080004a4   Section        0  misc.o(i.NVIC_Init)
    i.NVIC_PriorityGroupConfig               0x08000500   Section        0  misc.o(i.NVIC_PriorityGroupConfig)
    i.NVIC_SetVectorTable                    0x08000514   Section        0  misc.o(i.NVIC_SetVectorTable)
    i.PWR_BackupAccessCmd                    0x08000528   Section        0  stm32f10x_pwr.o(i.PWR_BackupAccessCmd)
    i.RCC_APB1PeriphClockCmd                 0x08000534   Section        0  stm32f10x_rcc.o(i.RCC_APB1PeriphClockCmd)
    i.RCC_APB2PeriphClockCmd                 0x0800054c   Section        0  stm32f10x_rcc.o(i.RCC_APB2PeriphClockCmd)
    i.RCC_BackupResetCmd                     0x08000564   Section        0  stm32f10x_rcc.o(i.RCC_BackupResetCmd)
    i.RCC_GetClocksFreq                      0x08000570   Section        0  stm32f10x_rcc.o(i.RCC_GetClocksFreq)
    i.RCC_GetFlagStatus                      0x08000608   Section        0  stm32f10x_rcc.o(i.RCC_GetFlagStatus)
    i.RCC_LSICmd                             0x08000638   Section        0  stm32f10x_rcc.o(i.RCC_LSICmd)
    i.RCC_RTCCLKCmd                          0x08000644   Section        0  stm32f10x_rcc.o(i.RCC_RTCCLKCmd)
    i.RCC_RTCCLKConfig                       0x08000650   Section        0  stm32f10x_rcc.o(i.RCC_RTCCLKConfig)
    i.RTC_ClearITPendingBit                  0x08000660   Section        0  stm32f10x_rtc.o(i.RTC_ClearITPendingBit)
    i.RTC_EnterConfigMode                    0x08000670   Section        0  stm32f10x_rtc.o(i.RTC_EnterConfigMode)
    i.RTC_ExitConfigMode                     0x08000680   Section        0  stm32f10x_rtc.o(i.RTC_ExitConfigMode)
    i.RTC_GetCounter                         0x08000690   Section        0  stm32f10x_rtc.o(i.RTC_GetCounter)
    i.RTC_GetITStatus                        0x080006a0   Section        0  stm32f10x_rtc.o(i.RTC_GetITStatus)
    i.RTC_IRQHandler                         0x080006c0   Section        0  stm32f10x_it.o(i.RTC_IRQHandler)
    i.RTC_ITConfig                           0x080006dc   Section        0  stm32f10x_rtc.o(i.RTC_ITConfig)
    i.RTC_SetPrescaler                       0x080006f8   Section        0  stm32f10x_rtc.o(i.RTC_SetPrescaler)
    i.RTC_WaitForLastTask                    0x08000718   Section        0  stm32f10x_rtc.o(i.RTC_WaitForLastTask)
    i.RTC_WaitForSynchro                     0x08000728   Section        0  stm32f10x_rtc.o(i.RTC_WaitForSynchro)
    i.RTC_show_time                          0x08000744   Section        0  drv_rtc.o(i.RTC_show_time)
    i.SVC_Handler                            0x08000790   Section        0  stm32f10x_it.o(i.SVC_Handler)
    i.SetSysClockTo48_HSI                    0x08000794   Section        0  system_stm32f10x.o(i.SetSysClockTo48_HSI)
    SetSysClockTo48_HSI                      0x08000795   Thumb Code   130  system_stm32f10x.o(i.SetSysClockTo48_HSI)
    i.SystemInit                             0x08000820   Section        0  system_stm32f10x.o(i.SystemInit)
    i.USART1_IRQHandler                      0x08000878   Section        0  stm32f10x_it.o(i.USART1_IRQHandler)
    i.USART2_IRQHandler                      0x08000940   Section        0  stm32f10x_it.o(i.USART2_IRQHandler)
    i.USART3_IRQHandler                      0x08000a04   Section        0  stm32f10x_it.o(i.USART3_IRQHandler)
    i.USART_Cmd                              0x08000acc   Section        0  stm32f10x_usart.o(i.USART_Cmd)
    i.USART_GetITStatus                      0x08000ae0   Section        0  stm32f10x_usart.o(i.USART_GetITStatus)
    i.USART_ITConfig                         0x08000b1e   Section        0  stm32f10x_usart.o(i.USART_ITConfig)
    i.USART_Init                             0x08000b50   Section        0  stm32f10x_usart.o(i.USART_Init)
    i.UsageFault_Handler                     0x08000c04   Section        0  stm32f10x_it.o(i.UsageFault_Handler)
    i.__0printf$8                            0x08000c08   Section        0  printf8.o(i.__0printf$8)
    i.__scatterload_copy                     0x08000c28   Section       14  handlers.o(i.__scatterload_copy)
    i.__scatterload_null                     0x08000c36   Section        2  handlers.o(i.__scatterload_null)
    i.__scatterload_zeroinit                 0x08000c38   Section       14  handlers.o(i.__scatterload_zeroinit)
    i._printf_core                           0x08000c48   Section        0  printf8.o(i._printf_core)
    _printf_core                             0x08000c49   Thumb Code  1064  printf8.o(i._printf_core)
    i._printf_post_padding                   0x08001070   Section        0  printf8.o(i._printf_post_padding)
    _printf_post_padding                     0x08001071   Thumb Code    38  printf8.o(i._printf_post_padding)
    i._printf_pre_padding                    0x08001096   Section        0  printf8.o(i._printf_pre_padding)
    _printf_pre_padding                      0x08001097   Thumb Code    46  printf8.o(i._printf_pre_padding)
    i.blink_led                              0x080010c4   Section        0  main.o(i.blink_led)
    blink_led                                0x080010c5   Thumb Code    84  main.o(i.blink_led)
    i.delay_ms                               0x0800111c   Section        0  drv_uart.o(i.delay_ms)
    i.flash_led                              0x08001136   Section        0  main.o(i.flash_led)
    flash_led                                0x08001137   Thumb Code   176  main.o(i.flash_led)
    i.flash_upgrade                          0x080011e8   Section        0  drv_flash.o(i.flash_upgrade)
    i.fputc                                  0x0800130c   Section        0  drv_uart.o(i.fputc)
    i.gpio_init                              0x08001348   Section        0  drv_gpio.o(i.gpio_init)
    i.led_init_all                           0x080013a8   Section        0  drv_gpio.o(i.led_init_all)
    i.led_off                                0x0800141c   Section        0  drv_gpio.o(i.led_off)
    i.led_on                                 0x08001434   Section        0  drv_gpio.o(i.led_on)
    i.main                                   0x0800144c   Section        0  main.o(i.main)
    i.pow                                    0x0800161c   Section        0  main.o(i.pow)
    i.putbyte                                0x08001634   Section        0  drv_uart.o(i.putbyte)
    i.rtc_init                               0x080017a8   Section        0  drv_rtc.o(i.rtc_init)
    i.seconds_to_datetime                    0x080018f0   Section        0  drv_rtc.o(i.seconds_to_datetime)
    seconds_to_datetime                      0x080018f1   Thumb Code   180  drv_rtc.o(i.seconds_to_datetime)
    i.show_err_log                           0x080019a8   Section        0  drv_iwdg.o(i.show_err_log)
    i.show_rst_flag                          0x08001b04   Section        0  drv_iwdg.o(i.show_rst_flag)
    i.uart1_init                             0x08001c78   Section        0  drv_uart.o(i.uart1_init)
    i.uart3_init                             0x08001d34   Section        0  drv_uart.o(i.uart3_init)
    .constdata                               0x08001df8   Section       44  drv_gpio.o(.constdata)
    .constdata                               0x08001e24   Section       48  drv_rtc.o(.constdata)
    .data                                    0x20000000   Section       12  main.o(.data)
    loop                                     0x20000000   Data           1  main.o(.data)
    .data                                    0x2000000c   Section       36  drv_gpio.o(.data)
    .data                                    0x20000030   Section        8  drv_iwdg.o(.data)
    reason                                   0x20000030   Data           1  drv_iwdg.o(.data)
    var_reg                                  0x20000034   Data           4  drv_iwdg.o(.data)
    .data                                    0x20000038   Section       20  stm32f10x_rcc.o(.data)
    ADCPrescTable                            0x20000038   Data           4  stm32f10x_rcc.o(.data)
    APBAHBPrescTable                         0x2000003c   Data          16  stm32f10x_rcc.o(.data)
    .data                                    0x2000004c   Section        4  stdout.o(.data)
    FW_REV                                   0x20000050   Section       12  main.o(FW_REV)
    .bss                                     0x2000005c   Section     6248  main.o(.bss)
    STACK                                    0x200018c8   Section     2048  startup.o(STACK)

    Global Symbols

    Symbol Name                              Value     Ov Type        Size  Object(Section)

    BuildAttributes$$THM_ISAv4$P$D$K$B$S$PE$A:L22UL41UL21$X:L11$S22US41US21$IEEE1$IW$USESV6$~STKCKD$USESV7$~SHL$OSPACE$ROPI$EBA8$MICROLIB$REQ8$PRES8$EABIv2 0x00000000   Number         0  anon$$obj.o ABSOLUTE
    __ARM_use_no_argv                        0x00000000   Number         0  main.o ABSOLUTE
    _printf_a                                0x00000000   Number         0  stubs.o ABSOLUTE
    _printf_c                                0x00000000   Number         0  stubs.o ABSOLUTE
    _printf_charcount                        0x00000000   Number         0  stubs.o ABSOLUTE
    _printf_d                                0x00000000   Number         0  stubs.o ABSOLUTE
    _printf_e                                0x00000000   Number         0  stubs.o ABSOLUTE
    _printf_f                                0x00000000   Number         0  stubs.o ABSOLUTE
    _printf_flags                            0x00000000   Number         0  stubs.o ABSOLUTE
    _printf_fp_dec                           0x00000000   Number         0  stubs.o ABSOLUTE
    _printf_fp_hex                           0x00000000   Number         0  stubs.o ABSOLUTE
    _printf_g                                0x00000000   Number         0  stubs.o ABSOLUTE
    _printf_i                                0x00000000   Number         0  stubs.o ABSOLUTE
    _printf_int_dec                          0x00000000   Number         0  stubs.o ABSOLUTE
    _printf_l                                0x00000000   Number         0  stubs.o ABSOLUTE
    _printf_lc                               0x00000000   Number         0  stubs.o ABSOLUTE
    _printf_ll                               0x00000000   Number         0  stubs.o ABSOLUTE
    _printf_lld                              0x00000000   Number         0  stubs.o ABSOLUTE
    _printf_lli                              0x00000000   Number         0  stubs.o ABSOLUTE
    _printf_llo                              0x00000000   Number         0  stubs.o ABSOLUTE
    _printf_llu                              0x00000000   Number         0  stubs.o ABSOLUTE
    _printf_llx                              0x00000000   Number         0  stubs.o ABSOLUTE
    _printf_longlong_dec                     0x00000000   Number         0  stubs.o ABSOLUTE
    _printf_longlong_hex                     0x00000000   Number         0  stubs.o ABSOLUTE
    _printf_longlong_oct                     0x00000000   Number         0  stubs.o ABSOLUTE
    _printf_ls                               0x00000000   Number         0  stubs.o ABSOLUTE
    _printf_mbtowc                           0x00000000   Number         0  stubs.o ABSOLUTE
    _printf_n                                0x00000000   Number         0  stubs.o ABSOLUTE
    _printf_o                                0x00000000   Number         0  stubs.o ABSOLUTE
    _printf_p                                0x00000000   Number         0  stubs.o ABSOLUTE
    _printf_percent                          0x00000000   Number         0  stubs.o ABSOLUTE
    _printf_pre_padding                      0x00000000   Number         0  stubs.o ABSOLUTE
    _printf_return_value                     0x00000000   Number         0  stubs.o ABSOLUTE
    _printf_s                                0x00000000   Number         0  stubs.o ABSOLUTE
    _printf_sizespec                         0x00000000   Number         0  stubs.o ABSOLUTE
    _printf_str                              0x00000000   Number         0  stubs.o ABSOLUTE
    _printf_truncate_signed                  0x00000000   Number         0  stubs.o ABSOLUTE
    _printf_truncate_unsigned                0x00000000   Number         0  stubs.o ABSOLUTE
    _printf_u                                0x00000000   Number         0  stubs.o ABSOLUTE
    _printf_wc                               0x00000000   Number         0  stubs.o ABSOLUTE
    _printf_wctomb                           0x00000000   Number         0  stubs.o ABSOLUTE
    _printf_widthprec                        0x00000000   Number         0  stubs.o ABSOLUTE
    _printf_x                                0x00000000   Number         0  stubs.o ABSOLUTE
    __decompress                              - Undefined Weak Reference
    __Vectors_Size                           0x000000ec   Number         0  startup.o ABSOLUTE
    __Vectors                                0x08000000   Data           4  startup.o(RESET)
    __Vectors_End                            0x080000ec   Data           0  startup.o(RESET)
    __main                                   0x080000ed   Thumb Code     0  entry.o(.ARM.Collect$$$$00000000)
    _main_stk                                0x080000ed   Thumb Code     0  entry2.o(.ARM.Collect$$$$00000001)
    _main_scatterload                        0x080000f1   Thumb Code     0  entry5.o(.ARM.Collect$$$$00000004)
    __main_after_scatterload                 0x080000f5   Thumb Code     0  entry5.o(.ARM.Collect$$$$00000004)
    _main_init                               0x080000f5   Thumb Code     0  entry7.o(.ARM.Collect$$$$00000007)
    __get_PSP                                0x08000101   Thumb Code     6  core_cm3.o(.emb_text)
    __set_PSP                                0x08000107   Thumb Code     6  core_cm3.o(.emb_text)
    __get_MSP                                0x0800010d   Thumb Code     6  core_cm3.o(.emb_text)
    __set_MSP                                0x08000113   Thumb Code     6  core_cm3.o(.emb_text)
    __REV16                                  0x08000119   Thumb Code     4  core_cm3.o(.emb_text)
    __REVSH                                  0x0800011d   Thumb Code     4  core_cm3.o(.emb_text)
    Reset_Handler                            0x08000121   Thumb Code     8  startup.o(.text)
    PendSV_Handler                           0x08000137   Thumb Code     2  startup.o(.text)
    SysTick_Handler                          0x08000139   Thumb Code     2  startup.o(.text)
    ADC1_2_IRQHandler                        0x0800013b   Thumb Code     0  startup.o(.text)
    CAN1_RX1_IRQHandler                      0x0800013b   Thumb Code     0  startup.o(.text)
    CAN1_SCE_IRQHandler                      0x0800013b   Thumb Code     0  startup.o(.text)
    DMA1_Channel1_IRQHandler                 0x0800013b   Thumb Code     0  startup.o(.text)
    DMA1_Channel2_IRQHandler                 0x0800013b   Thumb Code     0  startup.o(.text)
    DMA1_Channel3_IRQHandler                 0x0800013b   Thumb Code     0  startup.o(.text)
    DMA1_Channel5_IRQHandler                 0x0800013b   Thumb Code     0  startup.o(.text)
    DMA1_Channel6_IRQHandler                 0x0800013b   Thumb Code     0  startup.o(.text)
    EXTI0_IRQHandler                         0x0800013b   Thumb Code     0  startup.o(.text)
    EXTI15_10_IRQHandler                     0x0800013b   Thumb Code     0  startup.o(.text)
    EXTI1_IRQHandler                         0x0800013b   Thumb Code     0  startup.o(.text)
    EXTI2_IRQHandler                         0x0800013b   Thumb Code     0  startup.o(.text)
    EXTI3_IRQHandler                         0x0800013b   Thumb Code     0  startup.o(.text)
    EXTI4_IRQHandler                         0x0800013b   Thumb Code     0  startup.o(.text)
    EXTI9_5_IRQHandler                       0x0800013b   Thumb Code     0  startup.o(.text)
    FLASH_IRQHandler                         0x0800013b   Thumb Code     0  startup.o(.text)
    I2C1_ER_IRQHandler                       0x0800013b   Thumb Code     0  startup.o(.text)
    I2C1_EV_IRQHandler                       0x0800013b   Thumb Code     0  startup.o(.text)
    I2C2_ER_IRQHandler                       0x0800013b   Thumb Code     0  startup.o(.text)
    I2C2_EV_IRQHandler                       0x0800013b   Thumb Code     0  startup.o(.text)
    PVD_IRQHandler                           0x0800013b   Thumb Code     0  startup.o(.text)
    RCC_IRQHandler                           0x0800013b   Thumb Code     0  startup.o(.text)
    RTCAlarm_IRQHandler                      0x0800013b   Thumb Code     0  startup.o(.text)
    SPI1_IRQHandler                          0x0800013b   Thumb Code     0  startup.o(.text)
    SPI2_IRQHandler                          0x0800013b   Thumb Code     0  startup.o(.text)
    TAMPER_IRQHandler                        0x0800013b   Thumb Code     0  startup.o(.text)
    TIM1_BRK_IRQHandler                      0x0800013b   Thumb Code     0  startup.o(.text)
    TIM1_CC_IRQHandler                       0x0800013b   Thumb Code     0  startup.o(.text)
    TIM1_TRG_COM_IRQHandler                  0x0800013b   Thumb Code     0  startup.o(.text)
    TIM1_UP_IRQHandler                       0x0800013b   Thumb Code     0  startup.o(.text)
    TIM2_IRQHandler                          0x0800013b   Thumb Code     0  startup.o(.text)
    TIM3_IRQHandler                          0x0800013b   Thumb Code     0  startup.o(.text)
    TIM4_IRQHandler                          0x0800013b   Thumb Code     0  startup.o(.text)
    USBWakeUp_IRQHandler                     0x0800013b   Thumb Code     0  startup.o(.text)
    USB_HP_CAN1_TX_IRQHandler                0x0800013b   Thumb Code     0  startup.o(.text)
    USB_LP_CAN1_RX0_IRQHandler               0x0800013b   Thumb Code     0  startup.o(.text)
    WWDG_IRQHandler                          0x0800013b   Thumb Code     0  startup.o(.text)
    __aeabi_memcpy                           0x08000145   Thumb Code    36  memcpya.o(.text)
    __aeabi_memcpy4                          0x08000145   Thumb Code     0  memcpya.o(.text)
    __aeabi_memcpy8                          0x08000145   Thumb Code     0  memcpya.o(.text)
    __aeabi_uldivmod                         0x08000169   Thumb Code   102  uldiv.o(.text)
    __scatterload                            0x080001d1   Thumb Code    28  init.o(.text)
    __scatterload_rt2                        0x080001d1   Thumb Code     0  init.o(.text)
    __aeabi_llsl                             0x080001f5   Thumb Code    30  llshl.o(.text)
    _ll_shift_l                              0x080001f5   Thumb Code     0  llshl.o(.text)
    __aeabi_llsr                             0x08000213   Thumb Code    32  llushr.o(.text)
    _ll_ushift_r                             0x08000213   Thumb Code     0  llushr.o(.text)
    BKP_DeInit                               0x08000233   Thumb Code    18  stm32f10x_bkp.o(i.BKP_DeInit)
    BKP_ReadBackupRegister                   0x08000245   Thumb Code     6  stm32f10x_bkp.o(i.BKP_ReadBackupRegister)
    BKP_WriteBackupRegister                  0x08000251   Thumb Code     6  stm32f10x_bkp.o(i.BKP_WriteBackupRegister)
    BusFault_Handler                         0x0800025d   Thumb Code     2  stm32f10x_it.o(i.BusFault_Handler)
    DMA1_Channel4_IRQHandler                 0x0800025f   Thumb Code     8  stm32f10x_it.o(i.DMA1_Channel4_IRQHandler)
    DMA1_Channel7_IRQHandler                 0x08000269   Thumb Code     6  stm32f10x_it.o(i.DMA1_Channel7_IRQHandler)
    DMA_ClearITPendingBit                    0x08000275   Thumb Code    16  stm32f10x_dma.o(i.DMA_ClearITPendingBit)
    DebugMon_Handler                         0x08000289   Thumb Code     2  stm32f10x_it.o(i.DebugMon_Handler)
    FLASH_ClearFlag                          0x0800028d   Thumb Code     6  stm32f10x_flash.o(i.FLASH_ClearFlag)
    FLASH_ErasePage                          0x08000299   Thumb Code    56  stm32f10x_flash.o(i.FLASH_ErasePage)
    FLASH_GetBank1Status                     0x080002d5   Thumb Code    34  stm32f10x_flash.o(i.FLASH_GetBank1Status)
    FLASH_LockBank1                          0x080002fd   Thumb Code    12  stm32f10x_flash.o(i.FLASH_LockBank1)
    FLASH_ProgramHalfWord                    0x0800030d   Thumb Code    48  stm32f10x_flash.o(i.FLASH_ProgramHalfWord)
    FLASH_UnlockBank1                        0x08000341   Thumb Code    12  stm32f10x_flash.o(i.FLASH_UnlockBank1)
    FLASH_WaitForLastOperation               0x08000359   Thumb Code    34  stm32f10x_flash.o(i.FLASH_WaitForLastOperation)
    GPIO_Init                                0x0800037b   Thumb Code   156  stm32f10x_gpio.o(i.GPIO_Init)
    HardFault_Handler                        0x08000417   Thumb Code     2  stm32f10x_it.o(i.HardFault_Handler)
    MemManage_Handler                        0x08000419   Thumb Code     2  stm32f10x_it.o(i.MemManage_Handler)
    NMI_Handler                              0x0800041b   Thumb Code     2  stm32f10x_it.o(i.NMI_Handler)
    NVIC_Configuration                       0x0800041d   Thumb Code   132  main.o(i.NVIC_Configuration)
    NVIC_Init                                0x080004a5   Thumb Code    92  misc.o(i.NVIC_Init)
    NVIC_PriorityGroupConfig                 0x08000501   Thumb Code    10  misc.o(i.NVIC_PriorityGroupConfig)
    NVIC_SetVectorTable                      0x08000515   Thumb Code    12  misc.o(i.NVIC_SetVectorTable)
    PWR_BackupAccessCmd                      0x08000529   Thumb Code     6  stm32f10x_pwr.o(i.PWR_BackupAccessCmd)
    RCC_APB1PeriphClockCmd                   0x08000535   Thumb Code    18  stm32f10x_rcc.o(i.RCC_APB1PeriphClockCmd)
    RCC_APB2PeriphClockCmd                   0x0800054d   Thumb Code    18  stm32f10x_rcc.o(i.RCC_APB2PeriphClockCmd)
    RCC_BackupResetCmd                       0x08000565   Thumb Code     6  stm32f10x_rcc.o(i.RCC_BackupResetCmd)
    RCC_GetClocksFreq                        0x08000571   Thumb Code   134  stm32f10x_rcc.o(i.RCC_GetClocksFreq)
    RCC_GetFlagStatus                        0x08000609   Thumb Code    42  stm32f10x_rcc.o(i.RCC_GetFlagStatus)
    RCC_LSICmd                               0x08000639   Thumb Code     6  stm32f10x_rcc.o(i.RCC_LSICmd)
    RCC_RTCCLKCmd                            0x08000645   Thumb Code     6  stm32f10x_rcc.o(i.RCC_RTCCLKCmd)
    RCC_RTCCLKConfig                         0x08000651   Thumb Code    10  stm32f10x_rcc.o(i.RCC_RTCCLKConfig)
    RTC_ClearITPendingBit                    0x08000661   Thumb Code    12  stm32f10x_rtc.o(i.RTC_ClearITPendingBit)
    RTC_EnterConfigMode                      0x08000671   Thumb Code    12  stm32f10x_rtc.o(i.RTC_EnterConfigMode)
    RTC_ExitConfigMode                       0x08000681   Thumb Code    12  stm32f10x_rtc.o(i.RTC_ExitConfigMode)
    RTC_GetCounter                           0x08000691   Thumb Code    12  stm32f10x_rtc.o(i.RTC_GetCounter)
    RTC_GetITStatus                          0x080006a1   Thumb Code    26  stm32f10x_rtc.o(i.RTC_GetITStatus)
    RTC_IRQHandler                           0x080006c1   Thumb Code    28  stm32f10x_it.o(i.RTC_IRQHandler)
    RTC_ITConfig                             0x080006dd   Thumb Code    22  stm32f10x_rtc.o(i.RTC_ITConfig)
    RTC_SetPrescaler                         0x080006f9   Thumb Code    26  stm32f10x_rtc.o(i.RTC_SetPrescaler)
    RTC_WaitForLastTask                      0x08000719   Thumb Code    12  stm32f10x_rtc.o(i.RTC_WaitForLastTask)
    RTC_WaitForSynchro                       0x08000729   Thumb Code    24  stm32f10x_rtc.o(i.RTC_WaitForSynchro)
    RTC_show_time                            0x08000745   Thumb Code    36  drv_rtc.o(i.RTC_show_time)
    SVC_Handler                              0x08000791   Thumb Code     2  stm32f10x_it.o(i.SVC_Handler)
    SystemInit                               0x08000821   Thumb Code    72  system_stm32f10x.o(i.SystemInit)
    USART1_IRQHandler                        0x08000879   Thumb Code   178  stm32f10x_it.o(i.USART1_IRQHandler)
    USART2_IRQHandler                        0x08000941   Thumb Code   178  stm32f10x_it.o(i.USART2_IRQHandler)
    USART3_IRQHandler                        0x08000a05   Thumb Code   184  stm32f10x_it.o(i.USART3_IRQHandler)
    USART_Cmd                                0x08000acd   Thumb Code    20  stm32f10x_usart.o(i.USART_Cmd)
    USART_GetITStatus                        0x08000ae1   Thumb Code    62  stm32f10x_usart.o(i.USART_GetITStatus)
    USART_ITConfig                           0x08000b1f   Thumb Code    48  stm32f10x_usart.o(i.USART_ITConfig)
    USART_Init                               0x08000b51   Thumb Code   176  stm32f10x_usart.o(i.USART_Init)
    UsageFault_Handler                       0x08000c05   Thumb Code     2  stm32f10x_it.o(i.UsageFault_Handler)
    __0printf$8                              0x08000c09   Thumb Code    22  printf8.o(i.__0printf$8)
    __1printf$8                              0x08000c09   Thumb Code     0  printf8.o(i.__0printf$8)
    __2printf                                0x08000c09   Thumb Code     0  printf8.o(i.__0printf$8)
    __scatterload_copy                       0x08000c29   Thumb Code    14  handlers.o(i.__scatterload_copy)
    __scatterload_null                       0x08000c37   Thumb Code     2  handlers.o(i.__scatterload_null)
    __scatterload_zeroinit                   0x08000c39   Thumb Code    14  handlers.o(i.__scatterload_zeroinit)
    delay_ms                                 0x0800111d   Thumb Code    26  drv_uart.o(i.delay_ms)
    flash_upgrade                            0x080011e9   Thumb Code   180  drv_flash.o(i.flash_upgrade)
    fputc                                    0x0800130d   Thumb Code    56  drv_uart.o(i.fputc)
    gpio_init                                0x08001349   Thumb Code    74  drv_gpio.o(i.gpio_init)
    led_init_all                             0x080013a9   Thumb Code   106  drv_gpio.o(i.led_init_all)
    led_off                                  0x0800141d   Thumb Code    16  drv_gpio.o(i.led_off)
    led_on                                   0x08001435   Thumb Code    16  drv_gpio.o(i.led_on)
    main                                     0x0800144d   Thumb Code   244  main.o(i.main)
    pow                                      0x0800161d   Thumb Code    22  main.o(i.pow)
    putbyte                                  0x08001635   Thumb Code   344  drv_uart.o(i.putbyte)
    rtc_init                                 0x080017a9   Thumb Code   188  drv_rtc.o(i.rtc_init)
    show_err_log                             0x080019a9   Thumb Code   134  drv_iwdg.o(i.show_err_log)
    show_rst_flag                            0x08001b05   Thumb Code   172  drv_iwdg.o(i.show_rst_flag)
    uart1_init                               0x08001c79   Thumb Code   176  drv_uart.o(i.uart1_init)
    uart3_init                               0x08001d35   Thumb Code   182  drv_uart.o(i.uart3_init)
    GPIO_PIN                                 0x08001df8   Data          14  drv_gpio.o(.constdata)
    GPIO_CLK                                 0x08001e08   Data          28  drv_gpio.o(.constdata)
    Region$$Table$$Base                      0x08001e54   Number         0  anon$$obj.o(Region$$Table)
    Region$$Table$$Limit                     0x08001e74   Number         0  anon$$obj.o(Region$$Table)
    jump_address                             0x20000004   Data           4  main.o(.data)
    jump_application                         0x20000008   Data           4  main.o(.data)
    GPIO_MODE                                0x2000000c   Data           7  drv_gpio.o(.data)
    GPIO_PORT                                0x20000014   Data          28  drv_gpio.o(.data)
    __stdout                                 0x2000004c   Data           4  stdout.o(.data)
    BUILD_REV                                0x20000050   Data          12  main.o(FW_REV)
    my_icar                                  0x2000005c   Data        6248  main.o(.bss)
    __initial_sp                             0x200020c8   Data           0  startup.o(STACK)



==============================================================================

Memory Map of the image

  Image Entry point : 0x080000ed

  Load Region LR_IROM1 (Base: 0x08000000, Size: 0x00001ed0, Max: 0x00020000, ABSOLUTE)

    Execution Region ER_IROM1 (Base: 0x08000000, Size: 0x00001e74, Max: 0x00020000, ABSOLUTE)

    Base Addr    Size         Type   Attr      Idx    E Section Name        Object

    0x08000000   0x000000ec   Data   RO          254    RESET               startup.o
    0x080000ec   0x00000000   Code   RO         3361  * .ARM.Collect$$$$00000000  mc_w.l(entry.o)(mc_w.l)
    0x080000ec   0x00000004   Code   RO         3629    .ARM.Collect$$$$00000001  mc_w.l(entry2.o)(mc_w.l)
    0x080000f0   0x00000004   Code   RO         3632    .ARM.Collect$$$$00000004  mc_w.l(entry5.o)(mc_w.l)
    0x080000f4   0x00000008   Code   RO         3633    .ARM.Collect$$$$00000007  mc_w.l(entry7.o)(mc_w.l)
    0x080000fc   0x00000004   Code   RO         3630    .ARM.Collect$$$$00002712  mc_w.l(entry2.o)(mc_w.l)
    0x08000100   0x00000020   Code   RO         3351    .emb_text           core_cm3.o
    0x08000120   0x00000024   Code   RO          255    .text               startup.o
    0x08000144   0x00000024   Code   RO         3364    .text               mc_w.l(memcpya.o)(mc_w.l)
    0x08000168   0x00000066   Code   RO         3637    .text               mc_w.l(uldiv.o)(mc_w.l)
    0x080001ce   0x00000002   PAD
    0x080001d0   0x00000024   Code   RO         3650    .text               mc_w.l(init.o)(mc_w.l)
    0x080001f4   0x0000001e   Code   RO         3652    .text               mc_w.l(llshl.o)(mc_w.l)
    0x08000212   0x00000020   Code   RO         3654    .text               mc_w.l(llushr.o)(mc_w.l)
    0x08000232   0x00000012   Code   RO          677    i.BKP_DeInit        stm32f10x_bkp.o
    0x08000244   0x0000000c   Code   RO          682    i.BKP_ReadBackupRegister  stm32f10x_bkp.o
    0x08000250   0x0000000c   Code   RO          686    i.BKP_WriteBackupRegister  stm32f10x_bkp.o
    0x0800025c   0x00000002   Code   RO          135    i.BusFault_Handler  stm32f10x_it.o
    0x0800025e   0x00000008   Code   RO          136    i.DMA1_Channel4_IRQHandler  stm32f10x_it.o
    0x08000266   0x00000002   PAD
    0x08000268   0x0000000c   Code   RO          137    i.DMA1_Channel7_IRQHandler  stm32f10x_it.o
    0x08000274   0x00000014   Code   RO         1122    i.DMA_ClearITPendingBit  stm32f10x_dma.o
    0x08000288   0x00000002   Code   RO          138    i.DebugMon_Handler  stm32f10x_it.o
    0x0800028a   0x00000002   PAD
    0x0800028c   0x0000000c   Code   RO         1247    i.FLASH_ClearFlag   stm32f10x_flash.o
    0x08000298   0x0000003c   Code   RO         1252    i.FLASH_ErasePage   stm32f10x_flash.o
    0x080002d4   0x00000028   Code   RO         1253    i.FLASH_GetBank1Status  stm32f10x_flash.o
    0x080002fc   0x00000010   Code   RO         1263    i.FLASH_LockBank1   stm32f10x_flash.o
    0x0800030c   0x00000034   Code   RO         1265    i.FLASH_ProgramHalfWord  stm32f10x_flash.o
    0x08000340   0x00000018   Code   RO         1271    i.FLASH_UnlockBank1  stm32f10x_flash.o
    0x08000358   0x00000022   Code   RO         1274    i.FLASH_WaitForLastOperation  stm32f10x_flash.o
    0x0800037a   0x0000009c   Code   RO         1548    i.GPIO_Init         stm32f10x_gpio.o
    0x08000416   0x00000002   Code   RO          139    i.HardFault_Handler  stm32f10x_it.o
    0x08000418   0x00000002   Code   RO          140    i.MemManage_Handler  stm32f10x_it.o
    0x0800041a   0x00000002   Code   RO          141    i.NMI_Handler       stm32f10x_it.o
    0x0800041c   0x00000088   Code   RO            1    i.NVIC_Configuration  main.o
    0x080004a4   0x0000005c   Code   RO          417    i.NVIC_Init         misc.o
    0x08000500   0x00000014   Code   RO          418    i.NVIC_PriorityGroupConfig  misc.o
    0x08000514   0x00000014   Code   RO          419    i.NVIC_SetVectorTable  misc.o
    0x08000528   0x0000000c   Code   RO         1899    i.PWR_BackupAccessCmd  stm32f10x_pwr.o
    0x08000534   0x00000018   Code   RO         1961    i.RCC_APB1PeriphClockCmd  stm32f10x_rcc.o
    0x0800054c   0x00000018   Code   RO         1963    i.RCC_APB2PeriphClockCmd  stm32f10x_rcc.o
    0x08000564   0x0000000c   Code   RO         1966    i.RCC_BackupResetCmd  stm32f10x_rcc.o
    0x08000570   0x00000098   Code   RO         1971    i.RCC_GetClocksFreq  stm32f10x_rcc.o
    0x08000608   0x00000030   Code   RO         1972    i.RCC_GetFlagStatus  stm32f10x_rcc.o
    0x08000638   0x0000000c   Code   RO         1980    i.RCC_LSICmd        stm32f10x_rcc.o
    0x08000644   0x0000000c   Code   RO         1986    i.RCC_RTCCLKCmd     stm32f10x_rcc.o
    0x08000650   0x00000010   Code   RO         1987    i.RCC_RTCCLKConfig  stm32f10x_rcc.o
    0x08000660   0x00000010   Code   RO         2160    i.RTC_ClearITPendingBit  stm32f10x_rtc.o
    0x08000670   0x00000010   Code   RO         2161    i.RTC_EnterConfigMode  stm32f10x_rtc.o
    0x08000680   0x00000010   Code   RO         2162    i.RTC_ExitConfigMode  stm32f10x_rtc.o
    0x08000690   0x00000010   Code   RO         2163    i.RTC_GetCounter    stm32f10x_rtc.o
    0x080006a0   0x00000020   Code   RO         2166    i.RTC_GetITStatus   stm32f10x_rtc.o
    0x080006c0   0x0000001c   Code   RO          142    i.RTC_IRQHandler    stm32f10x_it.o
    0x080006dc   0x0000001c   Code   RO         2167    i.RTC_ITConfig      stm32f10x_rtc.o
    0x080006f8   0x00000020   Code   RO         2170    i.RTC_SetPrescaler  stm32f10x_rtc.o
    0x08000718   0x00000010   Code   RO         2171    i.RTC_WaitForLastTask  stm32f10x_rtc.o
    0x08000728   0x0000001c   Code   RO         2172    i.RTC_WaitForSynchro  stm32f10x_rtc.o
    0x08000744   0x0000004c   Code   RO          354    i.RTC_show_time     drv_rtc.o
    0x08000790   0x00000002   Code   RO          143    i.SVC_Handler       stm32f10x_it.o
    0x08000792   0x00000002   PAD
    0x08000794   0x0000008c   Code   RO          223    i.SetSysClockTo48_HSI  system_stm32f10x.o
    0x08000820   0x00000058   Code   RO          225    i.SystemInit        system_stm32f10x.o
    0x08000878   0x000000c8   Code   RO          144    i.USART1_IRQHandler  stm32f10x_it.o
    0x08000940   0x000000c4   Code   RO          145    i.USART2_IRQHandler  stm32f10x_it.o
    0x08000a04   0x000000c8   Code   RO          146    i.USART3_IRQHandler  stm32f10x_it.o
    0x08000acc   0x00000014   Code   RO         3118    i.USART_Cmd         stm32f10x_usart.o
    0x08000ae0   0x0000003e   Code   RO         3122    i.USART_GetITStatus  stm32f10x_usart.o
    0x08000b1e   0x00000030   Code   RO         3124    i.USART_ITConfig    stm32f10x_usart.o
    0x08000b4e   0x00000002   PAD
    0x08000b50   0x000000b4   Code   RO         3125    i.USART_Init        stm32f10x_usart.o
    0x08000c04   0x00000002   Code   RO          147    i.UsageFault_Handler  stm32f10x_it.o
    0x08000c06   0x00000002   PAD
    0x08000c08   0x00000020   Code   RO         3575    i.__0printf$8       mc_w.l(printf8.o)(mc_w.l)
    0x08000c28   0x0000000e   Code   RO         3662    i.__scatterload_copy  mc_w.l(handlers.o)(mc_w.l)
    0x08000c36   0x00000002   Code   RO         3663    i.__scatterload_null  mc_w.l(handlers.o)(mc_w.l)
    0x08000c38   0x0000000e   Code   RO         3664    i.__scatterload_zeroinit  mc_w.l(handlers.o)(mc_w.l)
    0x08000c46   0x00000002   PAD
    0x08000c48   0x00000428   Code   RO         3582    i._printf_core      mc_w.l(printf8.o)(mc_w.l)
    0x08001070   0x00000026   Code   RO         3583    i._printf_post_padding  mc_w.l(printf8.o)(mc_w.l)
    0x08001096   0x0000002e   Code   RO         3584    i._printf_pre_padding  mc_w.l(printf8.o)(mc_w.l)
    0x080010c4   0x00000058   Code   RO            2    i.blink_led         main.o
    0x0800111c   0x0000001a   Code   RO          300    i.delay_ms          drv_uart.o
    0x08001136   0x000000b0   Code   RO            3    i.flash_led         main.o
    0x080011e6   0x00000002   PAD
    0x080011e8   0x00000124   Code   RO          404    i.flash_upgrade     drv_flash.o
    0x0800130c   0x0000003c   Code   RO          301    i.fputc             drv_uart.o
    0x08001348   0x00000060   Code   RO          260    i.gpio_init         drv_gpio.o
    0x080013a8   0x00000074   Code   RO          261    i.led_init_all      drv_gpio.o
    0x0800141c   0x00000018   Code   RO          262    i.led_off           drv_gpio.o
    0x08001434   0x00000018   Code   RO          263    i.led_on            drv_gpio.o
    0x0800144c   0x000001d0   Code   RO            4    i.main              main.o
    0x0800161c   0x00000016   Code   RO            5    i.pow               main.o
    0x08001632   0x00000002   PAD
    0x08001634   0x00000174   Code   RO          303    i.putbyte           drv_uart.o
    0x080017a8   0x00000148   Code   RO          355    i.rtc_init          drv_rtc.o
    0x080018f0   0x000000b8   Code   RO          356    i.seconds_to_datetime  drv_rtc.o
    0x080019a8   0x0000015c   Code   RO          380    i.show_err_log      drv_iwdg.o
    0x08001b04   0x00000174   Code   RO          381    i.show_rst_flag     drv_iwdg.o
    0x08001c78   0x000000bc   Code   RO          305    i.uart1_init        drv_uart.o
    0x08001d34   0x000000c4   Code   RO          307    i.uart3_init        drv_uart.o
    0x08001df8   0x0000002c   Data   RO          265    .constdata          drv_gpio.o
    0x08001e24   0x00000030   Data   RO          357    .constdata          drv_rtc.o
    0x08001e54   0x00000020   Data   RO         3660    Region$$Table       anon$$obj.o


    Execution Region RW_IRAM1 (Base: 0x20000000, Size: 0x000020c8, Max: 0x00005000, ABSOLUTE)

    Base Addr    Size         Type   Attr      Idx    E Section Name        Object

    0x20000000   0x0000000c   Data   RW            7    .data               main.o
    0x2000000c   0x00000024   Data   RW          266    .data               drv_gpio.o
    0x20000030   0x00000008   Data   RW          382    .data               drv_iwdg.o
    0x20000038   0x00000014   Data   RW         1991    .data               stm32f10x_rcc.o
    0x2000004c   0x00000004   Data   RW         3634    .data               mc_w.l(stdout.o)(mc_w.l)
    0x20000050   0x0000000c   Data   RW            8    FW_REV              main.o
    0x2000005c   0x00001868   Zero   RW            6    .bss                main.o
    0x200018c4   0x00000004   PAD
    0x200018c8   0x00000800   Zero   RW          252    STACK               startup.o


==============================================================================

Image component sizes


      Code (inc. data)   RO Data    RW Data    ZI Data      Debug   Object Name

        32          0          0          0          0          0   core_cm3.o
       292        112          0          0          0          0   drv_flash.o
       260         48         44         36          0          0   drv_gpio.o
       720        414          0          8          0          0   drv_iwdg.o
       588        184         48          0          0          0   drv_rtc.o
       842         58          0          0          0          0   drv_uart.o
       886        228          0         24       6248          0   main.o
       132         18          0          0          0          0   misc.o
        36          8        236          0       2048          0   startup.o
        42         12          0          0          0          0   stm32f10x_bkp.o
        20          4          0          0          0          0   stm32f10x_dma.o
       238         36          0          0          0          0   stm32f10x_flash.o
       156          0          0          0          0          0   stm32f10x_gpio.o
       658         62          0          0          0          0   stm32f10x_it.o
        12          6          0          0          0          0   stm32f10x_pwr.o
       300         60          0         20          0          0   stm32f10x_rcc.o
       200         42          0          0          0          0   stm32f10x_rtc.o
       310          4          0          0          0          0   stm32f10x_usart.o
       228         26          0          0          0          0   system_stm32f10x.o

    ----------------------------------------------------------------------
      5966       1322        360         88       8300          0   Object Totals
         0          0         32          0          0          0   (incl. Generated)
        14          0          0          0          4          0   (incl. Padding)

    ----------------------------------------------------------------------

      Code (inc. data)   RO Data    RW Data    ZI Data      Debug   Library Member Name

         0          0          0          0          0          0   entry.o
         8          4          0          0          0          0   entry2.o
         4          0          0          0          0          0   entry5.o
         8          4          0          0          0          0   entry7.o
        30          0          0          0          0          0   handlers.o
        36          8          0          0          0          0   init.o
        30          0          0          0          0          0   llshl.o
        32          0          0          0          0          0   llushr.o
        36          0          0          0          0          0   memcpya.o
      1180         54          0          0          0          0   printf8.o
         0          0          0          4          0          0   stdout.o
       102          0          0          0          0          0   uldiv.o

    ----------------------------------------------------------------------
      1470         70          0          4          0          0   Library Totals
         4          0          0          0          0          0   (incl. Padding)

    ----------------------------------------------------------------------

      Code (inc. data)   RO Data    RW Data    ZI Data      Debug   Library Name

      1466         70          0          4          0        716   mc_w.l

    ----------------------------------------------------------------------
      1470         70          0          4          0          0   Library Totals

    ----------------------------------------------------------------------

==============================================================================


      Code (inc. data)   RO Data    RW Data    ZI Data      Debug   

      7436       1392        360         92       8300     292496   Grand Totals
      7436       1392        360         92       8300     292496   ELF Image Totals
      7436       1392        360         92          0          0   ROM Totals

==============================================================================

    Total RO  Size (Code + RO Data)                 7796 (   7.61kB)
    Total RW  Size (RW Data + ZI Data)              8392 (   8.20kB)
    Total ROM Size (Code + RO Data + RW Data)       7888 (   7.70kB)

==============================================================================

